                                       
0000:                                            org  0 
0000:                                 __do000:         
0000:8007 c400 0080                              mov  r80h,7 
0003:8010 c400 0081                              mov  r81h,16 
0006:                                 __do001:         
0006:b000 0080                                   ld   r80h 
0008:cc00                                        OUT  0 
0009:b000 0080 c801 c400 0080                    sfl  r80h,1 
000e:b000 0081 8401 c400 0081                    dec  r81h 
0013:0a0e                                        jnf  __do001 
0014:                                 __od001:         
0014:cf14                                        halt  
0015:0816                                        jmp  __do000 
0016:                                 __od000:         


SYMBOL LIST:
                 = 21	(0x15)
__od000          = 22	(0x16)
__od001          = 20	(0x14)
__do000          = 0	(0x0)
__do001          = 6	(0x6)
